// Jest Snapshot v1, https://goo.gl/fbAQLP

exports[`App renders a snaps̵hot 1`] = `
<div
  className="container aboutPage"
>
  <div>
    <h1>
      About Page
    </h1>
    <h2>
      About Page 2
    </h2>
  </div>
  Go to
  <a
    href="/"
    onClick={[Function]}
    onMouseEnter={[Function]}
  >
    Home page
  </a>
  <button
    className=" primary"
    disabled={false}
    onClick={[Function]}
    type="button"
  >
    Fetch Data
  </button>
  <button
    className=" primary"
    disabled={false}
    onClick={[Function]}
    type="button"
  >
    Create User
  </button>
</div>
`;
