// Jest Snapshot v1, https://goo.gl/fbAQLP

exports[`Home updates the snapshot 1`] = `
<div
  className="container"
>
  <h1>
    Home page of the application
  </h1>
  Go to
  <a
    href="/about"
    onClick={[Function]}
    onMouseEnter={[Function]}
  >
    About page
  </a>
  <button
    onClick={[Function]}
    type="button"
  >
    sdfgsdfgsdfg
  </button>
</div>
`;
